[backblue.gif]
[fade.gif]
[index.html]
[institutomisionerosmonfortianos.drelm.edu.pe/sites/institutomisionerosmonfortianos.drelm.edu.pe/files/Logo_01.png]
[institutomisionerosmonfortianos.drelm.edu.pe/sites/institutomisionerosmonfortianos.drelm.edu.pe/files/css/css_rEI_5cK_B9hB4So2yZUtr5weuEV3heuAllCDE6XsIkI.css]
[institutomisionerosmonfortianos.drelm.edu.pe/sites/institutomisionerosmonfortianos.drelm.edu.pe/files/css/css_0KmE5xu3MSsDGDxdTlR-3Qyc9lxPjzHPT0JF5xDtHu4.css]
[institutomisionerosmonfortianos.drelm.edu.pe/sites/institutomisionerosmonfortianos.drelm.edu.pe/files/css/css_B74t25U4uCtxYIAD4AMsaIUJJ9nga7VP-iFwc6-oWtU.css]
[cdnjs.cloudflare.com/ajax/libs/font-awesome/4.4.0/css/font-awesome.min.css]
[institutomisionerosmonfortianos.drelm.edu.pe/sites/institutomisionerosmonfortianos.drelm.edu.pe/files/css/css_agP3ke4zlCZeyGVdqdAjnkvDuRkmTes0MWxFcRkJkUs.css]
[institutomisionerosmonfortianos.drelm.edu.pe/sites/institutomisionerosmonfortianos.drelm.edu.pe/files/css/css_CFc68OHR427oxxLBnFJYf2tfn6RNngSfex72A1FhrsM.css]
[institutomisionerosmonfortianos.drelm.edu.pe/sites/institutomisionerosmonfortianos.drelm.edu.pe/files/css/css_pXEl-41g3XH_TNADyXf8JdLDLHFURJQYyjUJBHlWboQ.css]
[www.google-analytics.com/analytics.js]
[institutomisionerosmonfortianos.drelm.edu.pe/sites/institutomisionerosmonfortianos.drelm.edu.pe/files/js/js_9HvB1Jr9KGNuZDAmjbXvK7t4bXSm_CDdZsB4kzL0PP0.js]
[institutomisionerosmonfortianos.drelm.edu.pe/sites/institutomisionerosmonfortianos.drelm.edu.pe/files/js/js_SnmFBIu8YveCBGgkJfvrtcMZuuIOnbd4iPnZIHxER6k.js]
[institutomisionerosmonfortianos.drelm.edu.pe/sites/institutomisionerosmonfortianos.drelm.edu.pe/files/OFICIAL_LOGO_2.png]
[institutomisionerosmonfortianos.drelm.edu.pe/sites/institutomisionerosmonfortianos.drelm.edu.pe/files/js/js_EebRuRXFlkaf356V0T2K_8cnUVfCKesNTxdvvPSEhCM.js]
[institutomisionerosmonfortianos.drelm.edu.pe/sites/institutomisionerosmonfortianos.drelm.edu.pe/files/js/js_wyI2zXp_FJAOrAAcDiN2ppZGcGnpvrMWy2_xy-FL5JA.js]
[institutomisionerosmonfortianos.drelm.edu.pe/sites/institutomisionerosmonfortianos.drelm.edu.pe/files/styles/1180x376/public/banner/PORTADA_02-minf2b5.png]
[institutomisionerosmonfortianos.drelm.edu.pe/sites/institutomisionerosmonfortianos.drelm.edu.pe/files/styles/1180x376/public/banner/MECANICA_01-min1ee2.png]
[institutomisionerosmonfortianos.drelm.edu.pe/sites/institutomisionerosmonfortianos.drelm.edu.pe/files/styles/1180x376/public/banner/COMPUTACION_01-min7b3a.png]
[institutomisionerosmonfortianos.drelm.edu.pe/sites/institutomisionerosmonfortianos.drelm.edu.pe/files/styles/1180x376/public/banner/ENFERMERIA_01-min0d61.png]
[institutomisionerosmonfortianos.drelm.edu.pe/sites/institutomisionerosmonfortianos.drelm.edu.pe/files/image_home_carrera/mecanica_automotriz_2.jpg]
[institutomisionerosmonfortianos.drelm.edu.pe/sites/institutomisionerosmonfortianos.drelm.edu.pe/files/image_home_carrera/desarrollo_si_6.jpg]
[institutomisionerosmonfortianos.drelm.edu.pe/sites/institutomisionerosmonfortianos.drelm.edu.pe/files/image_home_carrera/enfermeria_tecnica_2.png]
[institutomisionerosmonfortianos.drelm.edu.pe/sites/institutomisionerosmonfortianos.drelm.edu.pe/files/styles/medium/public/foto_noticia/CURSO-TALLER DE_0f0d0.png]
[institutomisionerosmonfortianos.drelm.edu.pe/sites/institutomisionerosmonfortianos.drelm.edu.pe/files/styles/medium/public/foto_noticia/WhatsApp Image 2022-10-10 at 8.15.56 PM_02767.jpg]
[institutomisionerosmonfortianos.drelm.edu.pe/sites/institutomisionerosmonfortianos.drelm.edu.pe/files/styles/medium/public/foto_noticia/RENOVACION DE CONTRATO 20230c62.png]
[institutomisionerosmonfortianos.drelm.edu.pe/sites/institutomisionerosmonfortianos.drelm.edu.pe/files/styles/medium/public/foto_noticia/MATRICULA-2022-I-scaled9b14.jpg]
[institutomisionerosmonfortianos.drelm.edu.pe/sites/institutomisionerosmonfortianos.drelm.edu.pe/files/styles/medium/public/foto_noticia/PORTADA PROTOCOLOd6ba.png]
[institutomisionerosmonfortianos.drelm.edu.pe/sites/institutomisionerosmonfortianos.drelm.edu.pe/files/IESTP MM-1.jpg]
[institutomisionerosmonfortianos.drelm.edu.pe/sites/institutomisionerosmonfortianos.drelm.edu.pe/files/IESTP MM-2_0.jpg]
[institutomisionerosmonfortianos.drelm.edu.pe/sites/institutomisionerosmonfortianos.drelm.edu.pe/files/IESTP MM-3.jpg]
[institutomisionerosmonfortianos.drelm.edu.pe/sites/institutomisionerosmonfortianos.drelm.edu.pe/files/IESTP MM-4_0.jpg]
[www.drelm.gob.pe/images/libro-reclamaciones.3a.delayed]
[institutomisionerosmonfortianos.drelm.edu.pe/index.html]
[institutomisionerosmonfortianos.drelm.edu.pe/sites/institutomisionerosmonfortianos.drelm.edu.pe/files/css/css_rEI_5cK_B9hB4So2yZUtr5weuEV3heuAllCDE6XsIkI.css]
[institutomisionerosmonfortianos.drelm.edu.pe/sites/institutomisionerosmonfortianos.drelm.edu.pe/files/css/css_0KmE5xu3MSsDGDxdTlR-3Qyc9lxPjzHPT0JF5xDtHu4.css]
[institutomisionerosmonfortianos.drelm.edu.pe/sites/all/modules/ctools/images/status-active.gif]
[institutomisionerosmonfortianos.drelm.edu.pe/sites/institutomisionerosmonfortianos.drelm.edu.pe/files/css/css_B74t25U4uCtxYIAD4AMsaIUJJ9nga7VP-iFwc6-oWtU.css]
[cdnjs.cloudflare.com/ajax/libs/font-awesome/4.4.0/css/font-awesome.min.css]
[institutomisionerosmonfortianos.drelm.edu.pe/sites/all/libraries/nivo-slider/themes/light/loading.gif]
[institutomisionerosmonfortianos.drelm.edu.pe/sites/all/libraries/nivo-slider/themes/light/bullets.png]
[institutomisionerosmonfortianos.drelm.edu.pe/sites/all/libraries/nivo-slider/themes/light/arrows.png]
[institutomisionerosmonfortianos.drelm.edu.pe/sites/institutomisionerosmonfortianos.drelm.edu.pe/files/css/css_agP3ke4zlCZeyGVdqdAjnkvDuRkmTes0MWxFcRkJkUs.css]
[institutomisionerosmonfortianos.drelm.edu.pe/sites/all/themes/gavias_mdeal/vendor/owl-carousel/grabbing.png]
[institutomisionerosmonfortianos.drelm.edu.pe/sites/all/themes/gavias_mdeal/vendor/owl-carousel/AjaxLoader.gif]
[institutomisionerosmonfortianos.drelm.edu.pe/sites/all/themes/gavias_mdeal/vendor/prettyphoto/images/prettyPhoto/default/sprite.png]
[institutomisionerosmonfortianos.drelm.edu.pe/sites/all/themes/gavias_mdeal/vendor/prettyphoto/images/prettyPhoto/default/sprite_x.png]
[institutomisionerosmonfortianos.drelm.edu.pe/sites/all/themes/gavias_mdeal/vendor/prettyphoto/images/prettyPhoto/default/sprite_y.png]
[institutomisionerosmonfortianos.drelm.edu.pe/sites/all/themes/gavias_mdeal/vendor/prettyphoto/images/prettyPhoto/default/sprite_next.png]
[institutomisionerosmonfortianos.drelm.edu.pe/sites/all/themes/gavias_mdeal/vendor/prettyphoto/images/prettyPhoto/default/sprite_prev.png]
[institutomisionerosmonfortianos.drelm.edu.pe/sites/all/themes/gavias_mdeal/vendor/prettyphoto/images/prettyPhoto/default/default_thumb.png]
[institutomisionerosmonfortianos.drelm.edu.pe/sites/all/themes/gavias_mdeal/vendor/prettyphoto/images/prettyPhoto/default/loader.gif]
[institutomisionerosmonfortianos.drelm.edu.pe/sites/all/themes/gavias_mdeal/vendor/prettyphoto/images/prettyPhoto/light_rounded/sprite.png]
[institutomisionerosmonfortianos.drelm.edu.pe/sites/all/themes/gavias_mdeal/vendor/prettyphoto/images/prettyPhoto/light_rounded/btnNext.png]
[institutomisionerosmonfortianos.drelm.edu.pe/sites/all/themes/gavias_mdeal/vendor/prettyphoto/images/prettyPhoto/light_rounded/btnPrevious.png]
[institutomisionerosmonfortianos.drelm.edu.pe/sites/all/themes/gavias_mdeal/vendor/prettyphoto/images/prettyPhoto/light_rounded/loader.gif]
[institutomisionerosmonfortianos.drelm.edu.pe/sites/all/themes/gavias_mdeal/vendor/prettyphoto/images/prettyPhoto/dark_rounded/sprite.png]
[institutomisionerosmonfortianos.drelm.edu.pe/sites/all/themes/gavias_mdeal/vendor/prettyphoto/images/prettyPhoto/dark_rounded/contentPattern.png]
[institutomisionerosmonfortianos.drelm.edu.pe/sites/all/themes/gavias_mdeal/vendor/prettyphoto/images/prettyPhoto/dark_rounded/btnNext.png]
[institutomisionerosmonfortianos.drelm.edu.pe/sites/all/themes/gavias_mdeal/vendor/prettyphoto/images/prettyPhoto/dark_rounded/btnPrevious.png]
[institutomisionerosmonfortianos.drelm.edu.pe/sites/all/themes/gavias_mdeal/vendor/prettyphoto/images/prettyPhoto/dark_rounded/loader.gif]
[institutomisionerosmonfortianos.drelm.edu.pe/sites/all/themes/gavias_mdeal/vendor/prettyphoto/images/prettyPhoto/dark_square/loader.gif]
[institutomisionerosmonfortianos.drelm.edu.pe/sites/all/themes/gavias_mdeal/vendor/prettyphoto/images/prettyPhoto/dark_square/sprite.png]
[institutomisionerosmonfortianos.drelm.edu.pe/sites/all/themes/gavias_mdeal/vendor/prettyphoto/images/prettyPhoto/dark_square/btnNext.png]
[institutomisionerosmonfortianos.drelm.edu.pe/sites/all/themes/gavias_mdeal/vendor/prettyphoto/images/prettyPhoto/dark_square/btnPrevious.png]
[institutomisionerosmonfortianos.drelm.edu.pe/sites/all/themes/gavias_mdeal/vendor/prettyphoto/images/prettyPhoto/light_square/sprite.png]
[institutomisionerosmonfortianos.drelm.edu.pe/sites/all/themes/gavias_mdeal/vendor/prettyphoto/images/prettyPhoto/light_square/btnNext.png]
[institutomisionerosmonfortianos.drelm.edu.pe/sites/all/themes/gavias_mdeal/vendor/prettyphoto/images/prettyPhoto/light_square/btnPrevious.png]
[institutomisionerosmonfortianos.drelm.edu.pe/sites/all/themes/gavias_mdeal/vendor/prettyphoto/images/prettyPhoto/facebook/sprite.png]
[institutomisionerosmonfortianos.drelm.edu.pe/sites/all/themes/gavias_mdeal/vendor/prettyphoto/images/prettyPhoto/facebook/contentPatternTop.png]
[institutomisionerosmonfortianos.drelm.edu.pe/sites/all/themes/gavias_mdeal/vendor/prettyphoto/images/prettyPhoto/facebook/contentPatternLeft.png]
[institutomisionerosmonfortianos.drelm.edu.pe/sites/all/themes/gavias_mdeal/vendor/prettyphoto/images/prettyPhoto/facebook/contentPatternRight.png]
[institutomisionerosmonfortianos.drelm.edu.pe/sites/all/themes/gavias_mdeal/vendor/prettyphoto/images/prettyPhoto/facebook/loader.gif]
[institutomisionerosmonfortianos.drelm.edu.pe/sites/all/themes/gavias_mdeal/vendor/prettyphoto/images/prettyPhoto/facebook/btnNext.png]
[institutomisionerosmonfortianos.drelm.edu.pe/sites/all/themes/gavias_mdeal/vendor/prettyphoto/images/prettyPhoto/facebook/btnPrevious.png]
[institutomisionerosmonfortianos.drelm.edu.pe/sites/all/themes/gavias_mdeal/vendor/prettyphoto/images/prettyPhoto/facebook/contentPatternBottom.png]
[institutomisionerosmonfortianos.drelm.edu.pe/sites/all/themes/gavias_mdeal/vendor/prettyphoto/images/prettyPhoto/facebook/default_thumbnail.gif]
[institutomisionerosmonfortianos.drelm.edu.pe/sites/all/themes/gavias_mdeal/fonts/fontawesome-webfonte0a5.eot]
[institutomisionerosmonfortianos.drelm.edu.pe/sites/all/themes/gavias_mdeal/fonts/fontawesome-webfontd41d.eot]
[institutomisionerosmonfortianos.drelm.edu.pe/sites/all/themes/gavias_mdeal/fonts/fontawesome-webfonte0a5.woff]
[institutomisionerosmonfortianos.drelm.edu.pe/sites/all/themes/gavias_mdeal/fonts/fontawesome-webfonte0a5.ttf]
[institutomisionerosmonfortianos.drelm.edu.pe/sites/institutomisionerosmonfortianos.drelm.edu.pe/files/css/css_CFc68OHR427oxxLBnFJYf2tfn6RNngSfex72A1FhrsM.css]
[institutomisionerosmonfortianos.drelm.edu.pe/sites/institutomisionerosmonfortianos.drelm.edu.pe/files/css/css_pXEl-41g3XH_TNADyXf8JdLDLHFURJQYyjUJBHlWboQ.css]
[institutomisionerosmonfortianos.drelm.edu.pe/sites/institutomisionerosmonfortianos.drelm.edu.pe/files/css/css_NCOSdpoQnWWQHVcfG2o2skDLf8YSjSAlOAadPoELzbo.css]
[institutomisionerosmonfortianos.drelm.edu.pe/sites/institutomisionerosmonfortianos.drelm.edu.pe/files/css/css_o0YfJsKHTuzV3VsbfHZDVW9ay91_rSFHs1vW5dc98nM.css]
[institutomisionerosmonfortianos.drelm.edu.pe/sites/institutomisionerosmonfortianos.drelm.edu.pe/files/js/js_2KlXA4Z5El1IQFVPxDN1aX5mIoMSFWGv3vwsP77K9yk.js]
[institutomisionerosmonfortianos.drelm.edu.pe/pagina/¿quiénes-somos.html]
[institutomisionerosmonfortianos.drelm.edu.pe/sites/institutomisionerosmonfortianos.drelm.edu.pe/files/ORGANIGRAMA-INSTITUCIONAL-2021.png]
[institutomisionerosmonfortianos.drelm.edu.pe/pagina/vision-y-mision.html]
[institutomisionerosmonfortianos.drelm.edu.pe/sites/institutomisionerosmonfortianos.drelm.edu.pe/files/REGLAMENTO INTERNO OFICIAL 2019.pdf]
[institutomisionerosmonfortianos.drelm.edu.pe/sites/institutomisionerosmonfortianos.drelm.edu.pe/files/REGLAMENTO-uai-2880x3049.png]
[institutomisionerosmonfortianos.drelm.edu.pe/sites/institutomisionerosmonfortianos.drelm.edu.pe/files/archivos_pagina/REGLAMENTO INTERNO OFICIAL 2019_0.pdf]
[institutomisionerosmonfortianos.drelm.edu.pe/pagina/organizacion.html]
[institutomisionerosmonfortianos.drelm.edu.pe/pagina/infraestructura.html]
[institutomisionerosmonfortianos.drelm.edu.pe/sites/institutomisionerosmonfortianos.drelm.edu.pe/files/BOLSA DE TRABAJO.jpg]
[institutomisionerosmonfortianos.drelm.edu.pe/sites/institutomisionerosmonfortianos.drelm.edu.pe/files/OPORTUNIDAD LABORAL.png]
[institutomisionerosmonfortianos.drelm.edu.pe/pagina/bolsa-de-trabajo.html]
[institutomisionerosmonfortianos.drelm.edu.pe/sites/institutomisionerosmonfortianos.drelm.edu.pe/files/Foto-Alex_0.jpg]
[institutomisionerosmonfortianos.drelm.edu.pe/sites/institutomisionerosmonfortianos.drelm.edu.pe/files/Itinerario DSI_0.pdf]
[institutomisionerosmonfortianos.drelm.edu.pe/carrera/desarrollo-de-sistemas-de-información.html]
[institutomisionerosmonfortianos.drelm.edu.pe/sites/institutomisionerosmonfortianos.drelm.edu.pe/files/Itinerario ET.pdf]
[institutomisionerosmonfortianos.drelm.edu.pe/carrera/enfermería-técnica-0.html]
[institutomisionerosmonfortianos.drelm.edu.pe/sites/institutomisionerosmonfortianos.drelm.edu.pe/files/Itinerario MA.pdf]
[institutomisionerosmonfortianos.drelm.edu.pe/carrera/mecatrónica-automotriz.html]
[institutomisionerosmonfortianos.drelm.edu.pe/sites/institutomisionerosmonfortianos.drelm.edu.pe/files/HORARIO DSI-2022-2.jpg]
[institutomisionerosmonfortianos.drelm.edu.pe/sites/institutomisionerosmonfortianos.drelm.edu.pe/files/HORARIO ET-2022-2.jpg]
[institutomisionerosmonfortianos.drelm.edu.pe/sites/institutomisionerosmonfortianos.drelm.edu.pe/files/HORARIO MA-2022-2.jpg]
[institutomisionerosmonfortianos.drelm.edu.pe/sites/institutomisionerosmonfortianos.drelm.edu.pe/files/archivos_pagina/HORARIO DESARROLLO DE SISTEMAAS DE INFORMACIÓN 2022-II.pdf]
[institutomisionerosmonfortianos.drelm.edu.pe/sites/institutomisionerosmonfortianos.drelm.edu.pe/files/archivos_pagina/HORARIO ENFERMERÍA TÉCNICA 2022-II.pdf]
[institutomisionerosmonfortianos.drelm.edu.pe/sites/institutomisionerosmonfortianos.drelm.edu.pe/files/archivos_pagina/HORARIO MECATRÓNICA AUTOMOTRIZ 2022-II.pdf]
[institutomisionerosmonfortianos.drelm.edu.pe/pagina/horarios-2022-ii.html]
[institutomisionerosmonfortianos.drelm.edu.pe/sites/institutomisionerosmonfortianos.drelm.edu.pe/files/ADMISION 02 DE ABRIL 2022.png]
[institutomisionerosmonfortianos.drelm.edu.pe/sites/institutomisionerosmonfortianos.drelm.edu.pe/files/INSCRIPCIONES - COSTOS_page-0001.jpg]
[institutomisionerosmonfortianos.drelm.edu.pe/pagina/inscripciones-y-requisitos.html]
[institutomisionerosmonfortianos.drelm.edu.pe/sites/institutomisionerosmonfortianos.drelm.edu.pe/files/PROCEDIMIENTO DE INSCRIPCIONES ADMISIÓN 2022.png]
[institutomisionerosmonfortianos.drelm.edu.pe/pagina/inscripciones.html]
[institutomisionerosmonfortianos.drelm.edu.pe/sites/institutomisionerosmonfortianos.drelm.edu.pe/files/reglamento.jpg]
[institutomisionerosmonfortianos.drelm.edu.pe/sites/institutomisionerosmonfortianos.drelm.edu.pe/files/Reglamento admision 2021.pdf]
[institutomisionerosmonfortianos.drelm.edu.pe/sites/institutomisionerosmonfortianos.drelm.edu.pe/files/510501_0.png]
[institutomisionerosmonfortianos.drelm.edu.pe/sites/institutomisionerosmonfortianos.drelm.edu.pe/files/Reglamento Admisión 2022.pdf]
[institutomisionerosmonfortianos.drelm.edu.pe/sites/institutomisionerosmonfortianos.drelm.edu.pe/files/archivos_pagina/Reglamento Admisión 2022.pdf]
[institutomisionerosmonfortianos.drelm.edu.pe/pagina/reglamento-de-admisión-2021.html]
[institutomisionerosmonfortianos.drelm.edu.pe/sites/institutomisionerosmonfortianos.drelm.edu.pe/files/ÁREA DE TESORERÍA.jpg]
[institutomisionerosmonfortianos.drelm.edu.pe/sites/institutomisionerosmonfortianos.drelm.edu.pe/files/archivos_pagina/RD TUPA 2022.pdf]
[institutomisionerosmonfortianos.drelm.edu.pe/pagina/tesorería.html]
[institutomisionerosmonfortianos.drelm.edu.pe/sites/institutomisionerosmonfortianos.drelm.edu.pe/files/MESA DE PARTES VIRTUAL.png]
[institutomisionerosmonfortianos.drelm.edu.pe/sites/institutomisionerosmonfortianos.drelm.edu.pe/files/FUT EDITABLE 2021 - MISIONEROS MONFORTIANOS_7.xlsx]
[institutomisionerosmonfortianos.drelm.edu.pe/sites/institutomisionerosmonfortianos.drelm.edu.pe/files/archivos_pagina/FUT EDITABLE 2021 - MISIONEROS MONFORTIANOS_1.xlsx]
[institutomisionerosmonfortianos.drelm.edu.pe/pagina/documentos-presentar.html]
[institutomisionerosmonfortianos.drelm.edu.pe/sites/institutomisionerosmonfortianos.drelm.edu.pe/files/CRONOGRAMA DE MATRÍCULA 2022-I.png]
[institutomisionerosmonfortianos.drelm.edu.pe/pagina/cronograma-de-matrícula-2022-i.html]
[institutomisionerosmonfortianos.drelm.edu.pe/sites/institutomisionerosmonfortianos.drelm.edu.pe/files/PROCEDIMIENTO MATRÍCULA 2022-I.jpg]
[institutomisionerosmonfortianos.drelm.edu.pe/sites/institutomisionerosmonfortianos.drelm.edu.pe/files/FICHA RATIFICACIÓN DE MATRICULA 2022-1 =IESTP-MM.xlsx]
[institutomisionerosmonfortianos.drelm.edu.pe/sites/institutomisionerosmonfortianos.drelm.edu.pe/files/FUT EDITABLE 2021 - MISIONEROS MONFORTIANOS_6.xlsx]
[institutomisionerosmonfortianos.drelm.edu.pe/pagina/ratificacion-de-matricula-2022-i.html]
[institutomisionerosmonfortianos.drelm.edu.pe/sites/institutomisionerosmonfortianos.drelm.edu.pe/files/WhatsApp Image 2020-10-13 at 17.44.27 (1).jpg]
[institutomisionerosmonfortianos.drelm.edu.pe/sites/institutomisionerosmonfortianos.drelm.edu.pe/files/TRAMITE DOCUMENTARO - PRECIOS - PAG WEB.jpg]
[institutomisionerosmonfortianos.drelm.edu.pe/sites/institutomisionerosmonfortianos.drelm.edu.pe/files/FUT EDITABLE 2021 - MISIONEROS MONFORTIANOS_2.xlsx]
[institutomisionerosmonfortianos.drelm.edu.pe/sites/institutomisionerosmonfortianos.drelm.edu.pe/files/PDF - FUT 2020 -SECRETARIA ACADEMICA -CORREO (1).pdf]
[institutomisionerosmonfortianos.drelm.edu.pe/pagina/tramite-documentario-secretaria-academica.html]
[institutomisionerosmonfortianos.drelm.edu.pe/sites/institutomisionerosmonfortianos.drelm.edu.pe/files/PEDIDO DE EXPEDITO 2021 - PAG WEB.jpg]
[institutomisionerosmonfortianos.drelm.edu.pe/sites/institutomisionerosmonfortianos.drelm.edu.pe/files/archivos_pagina/PASOS Y REQUISITOS PARA SER DECLARADO EXPEDITO - 2021.pdf]
[institutomisionerosmonfortianos.drelm.edu.pe/sites/institutomisionerosmonfortianos.drelm.edu.pe/files/archivos_pagina/REQUISITOS PARA SER DECLARADO EXPEDITO - 2021.pdf]
[institutomisionerosmonfortianos.drelm.edu.pe/sites/institutomisionerosmonfortianos.drelm.edu.pe/files/archivos_pagina/FUT EDITABLE 2021 - MISIONEROS MONFORTIANOS_0.xlsx]
[institutomisionerosmonfortianos.drelm.edu.pe/front.html]
[institutomisionerosmonfortianos.drelm.edu.pe/sites/institutomisionerosmonfortianos.drelm.edu.pe/files/TITULACIÓN-2021.jpg]
[institutomisionerosmonfortianos.drelm.edu.pe/sites/institutomisionerosmonfortianos.drelm.edu.pe/files/archivos_pagina/REGLAMENTO INSTITUCIONAL - TITULACIÓN 2021.pdf]
[institutomisionerosmonfortianos.drelm.edu.pe/pagina/proceso-para-la-titulación.html]
[institutomisionerosmonfortianos.drelm.edu.pe/sites/institutomisionerosmonfortianos.drelm.edu.pe/files/Pastelería y Panadería 2022-2.png]
[institutomisionerosmonfortianos.drelm.edu.pe/sites/institutomisionerosmonfortianos.drelm.edu.pe/files/botones_Mesa-de-trabajo-1-copia-12.png]
[institutomisionerosmonfortianos.drelm.edu.pe/sites/institutomisionerosmonfortianos.drelm.edu.pe/files/foto_noticia/CURSO-TALLER DE_0.png]
[institutomisionerosmonfortianos.drelm.edu.pe/content/curso-taller-de-pastelería-básica-2022-2.html]
[institutomisionerosmonfortianos.drelm.edu.pe/sites/all/libraries/tinymce/jscripts/tiny_mce/plugins/emotions/img/smiley-laughing.gif]
[institutomisionerosmonfortianos.drelm.edu.pe/sites/all/libraries/tinymce/jscripts/tiny_mce/plugins/emotions/img/smiley-smile.gif]
[institutomisionerosmonfortianos.drelm.edu.pe/sites/all/libraries/tinymce/jscripts/tiny_mce/plugins/emotions/img/smiley-wink.gif]
[institutomisionerosmonfortianos.drelm.edu.pe/sites/institutomisionerosmonfortianos.drelm.edu.pe/files/WhatsApp Image 2022-10-10 at 8.15.56 PM (1)_2.jpg]
[institutomisionerosmonfortianos.drelm.edu.pe/sites/institutomisionerosmonfortianos.drelm.edu.pe/files/foto_noticia/WhatsApp Image 2022-10-10 at 8.15.56 PM_0.jpg]
[institutomisionerosmonfortianos.drelm.edu.pe/content/cursos-mas-tec-2022-dirigido-estudiantes-de-secundaria.html]
[institutomisionerosmonfortianos.drelm.edu.pe/sites/institutomisionerosmonfortianos.drelm.edu.pe/files/convocatoria renovacion contrato.pdf]
[institutomisionerosmonfortianos.drelm.edu.pe/sites/institutomisionerosmonfortianos.drelm.edu.pe/files/RENOVACION DE CONTRATO 2023.png]
[institutomisionerosmonfortianos.drelm.edu.pe/sites/institutomisionerosmonfortianos.drelm.edu.pe/files/foto_noticia/RENOVACION DE CONTRATO 2023.png]
[institutomisionerosmonfortianos.drelm.edu.pe/content/renovación-de-contrato-2023.html]
[institutomisionerosmonfortianos.drelm.edu.pe/sites/institutomisionerosmonfortianos.drelm.edu.pe/files/2022-2 PROCEDIMIENTO DE MATRICULA.png]
[institutomisionerosmonfortianos.drelm.edu.pe/sites/institutomisionerosmonfortianos.drelm.edu.pe/files/foto_noticia/MATRICULA-2022-I-scaled.jpg]
[institutomisionerosmonfortianos.drelm.edu.pe/content/ratificación-de-matrícula-2022-ii.html]
[institutomisionerosmonfortianos.drelm.edu.pe/sites/institutomisionerosmonfortianos.drelm.edu.pe/files/FICHA SINTOMATOLÓGICA-PUBLICIDAD_0.png]
[institutomisionerosmonfortianos.drelm.edu.pe/sites/institutomisionerosmonfortianos.drelm.edu.pe/files/DIRECTIVA 2, PROTOCOLO 2022_0.pdf]
[institutomisionerosmonfortianos.drelm.edu.pe/sites/institutomisionerosmonfortianos.drelm.edu.pe/files/2022, PROTOCOLO PARA INGRESO AL INST.pdf]
[institutomisionerosmonfortianos.drelm.edu.pe/sites/institutomisionerosmonfortianos.drelm.edu.pe/files/Ficha sintomatológica, estudiantes.pdf]
[institutomisionerosmonfortianos.drelm.edu.pe/sites/institutomisionerosmonfortianos.drelm.edu.pe/files/Ficha sintomat, Docentes, asistentes.pdf]
[institutomisionerosmonfortianos.drelm.edu.pe/sites/institutomisionerosmonfortianos.drelm.edu.pe/files/Ficha sintomat, trabajadores adm.pdf]
[institutomisionerosmonfortianos.drelm.edu.pe/sites/institutomisionerosmonfortianos.drelm.edu.pe/files/foto_noticia/PORTADA PROTOCOLO.png]
[institutomisionerosmonfortianos.drelm.edu.pe/content/protocolo-de-ingreso-al-instituto-2022.html]
[institutomisionerosmonfortianos.drelm.edu.pe/content/iestp-misioneros-monfortianos-local-1-nuevo-0.html]
[s7.addthis.com/js/300/addthis_widget.js]
[institutomisionerosmonfortianos.drelm.edu.pe/content/iestp-misioneros-monfortianos-local-1.html]
[institutomisionerosmonfortianos.drelm.edu.pe/content/iestp-misioneros-monfortianos-local-1-0.html]
[institutomisionerosmonfortianos.drelm.edu.pe/content/iestp-misioneros-monfortianos-local-1-1.html]
[www.drelm.gob.pe/images/libro-reclamaciones.html]
[institutomisionerosmonfortianos.drelm.edu.pe/sites/all/themes/gavias_mdeal/css/fonts/glyphicons-halflings-regular.html]
[institutomisionerosmonfortianos.drelm.edu.pe/sites/all/themes/gavias_mdeal/css/fonts/glyphicons-halflings-regulard41d.html]
[institutomisionerosmonfortianos.drelm.edu.pe/sites/all/themes/gavias_mdeal/css/fonts/glyphicons-halflings-regular-2.html]
[institutomisionerosmonfortianos.drelm.edu.pe/sites/all/themes/gavias_mdeal/css/fonts/glyphicons-halflings-regular-3.html]
[institutomisionerosmonfortianos.drelm.edu.pe/sites/all/themes/gavias_mdeal/css/fonts/glyphicons-halflings-regular-4.html]
[institutomisionerosmonfortianos.drelm.edu.pe/sites/all/themes/gavias_mdeal/fonts/fontawesome-webfonte0a5.html]
[institutomisionerosmonfortianos.drelm.edu.pe/sites/all/themes/gavias_mdeal/fonts/fontawesome-webfonte0a5.svg]
[institutomisionerosmonfortianos.drelm.edu.pe/node/105.html]
[institutomisionerosmonfortianos.drelm.edu.pe/sites/institutomisionerosmonfortianos.drelm.edu.pe/files/css/css_NCOSdpoQnWWQHVcfG2o2skDLf8YSjSAlOAadPoELzbo.css]
[institutomisionerosmonfortianos.drelm.edu.pe/sites/institutomisionerosmonfortianos.drelm.edu.pe/files/css/css_o0YfJsKHTuzV3VsbfHZDVW9ay91_rSFHs1vW5dc98nM.css]
[institutomisionerosmonfortianos.drelm.edu.pe/node/111.html]
[institutomisionerosmonfortianos.drelm.edu.pe/node/112.html]
[institutomisionerosmonfortianos.drelm.edu.pe/node/113.html]
[institutomisionerosmonfortianos.drelm.edu.pe/node/145.html]
[institutomisionerosmonfortianos.drelm.edu.pe/node/117.html]
[institutomisionerosmonfortianos.drelm.edu.pe/node/116.html]
[institutomisionerosmonfortianos.drelm.edu.pe/node/118.html]
[institutomisionerosmonfortianos.drelm.edu.pe/node/169.html]
[institutomisionerosmonfortianos.drelm.edu.pe/node/146.html]
[institutomisionerosmonfortianos.drelm.edu.pe/node/108.html]
[institutomisionerosmonfortianos.drelm.edu.pe/node/160.html]
[institutomisionerosmonfortianos.drelm.edu.pe/sites/institutomisionerosmonfortianos.drelm.edu.pe/files/Reglamento Admisión 2022.pdf]
[institutomisionerosmonfortianos.drelm.edu.pe/sites/institutomisionerosmonfortianos.drelm.edu.pe/files/archivos_pagina/Reglamento Admisión 2022.pdf]
[institutomisionerosmonfortianos.drelm.edu.pe/node/142.html]
[institutomisionerosmonfortianos.drelm.edu.pe/node/163.html]
[institutomisionerosmonfortianos.drelm.edu.pe/node/156.html]
[institutomisionerosmonfortianos.drelm.edu.pe/node/150.html]
[institutomisionerosmonfortianos.drelm.edu.pe/node/157.html]
[institutomisionerosmonfortianos.drelm.edu.pe/node/21.html]
[institutomisionerosmonfortianos.drelm.edu.pe/node/154.html]
[institutomisionerosmonfortianos.drelm.edu.pe/node/200.html]
[institutomisionerosmonfortianos.drelm.edu.pe/node/199.html]
[institutomisionerosmonfortianos.drelm.edu.pe/node/194.html]
[institutomisionerosmonfortianos.drelm.edu.pe/node/189.html]
[institutomisionerosmonfortianos.drelm.edu.pe/node/191.html]
[institutomisionerosmonfortianos.drelm.edu.pe/node/139.html]
[institutomisionerosmonfortianos.drelm.edu.pe/node/137.html]
[institutomisionerosmonfortianos.drelm.edu.pe/node/136.html]
[institutomisionerosmonfortianos.drelm.edu.pe/node/133.html]
